// Jest Snapshot v1, https://goo.gl/fbAQLP

exports[`Tags renders tags unchanged 1`] = `
<div>
  <div
    class="space tags"
  >
    <button
      class="btn btn--small btn--secondary tags__btn"
      data-click-animating="false"
      type="button"
    >
      Tag 1
      <i
        class="className xi-icon xi-close xi-icon--hide"
      />
    </button>
  </div>
</div>
`;
