// Jest Snapshot v1, https://goo.gl/fbAQLP

exports[`Search renders search unchanged 1`] = `
<div>
  <div
    class="space search"
    data-click-animating="false"
    style="gap: 0; padding: 0px;"
  >
    <div
      class="input search__input"
      data-click-animating="false"
    >
      <input
        class="input__input"
        value=""
      />
    </div>
    <button
      class="btn btn--primary search__btn"
      data-click-animating="false"
      type="button"
    >
      Search
    </button>
  </div>
</div>
`;
