// Jest Snapshot v1, https://goo.gl/fbAQLP

exports[`QuestionList renders questionList unchanged 1`] = `
<div>
  <ul
    class="question-list"
  >
    <a
      href="#a"
    >
      <li
        class="space space--vertical space--flex-start question-list__item"
        style="gap: 16px; padding: 16px 24px;"
      >
        <div
          class="space space--vertical space--flex-start"
          style="gap: 12px; padding: 0px;"
        >
          <span
            class="text text--medium question-list__title"
          >
            title
          </span>
          <div
            class="space tags"
            style="padding: 0px;"
          >
            <button
              class="btn btn--small btn--secondary tags__btn"
              data-click-animating="false"
              type="button"
            >
              Javascript
              <i
                class="className xi-icon xi-close xi-icon--hide"
              />
            </button>
          </div>
        </div>
        <span
          class="text text--small"
        >
          <button
            class="btn btn--small btn--link"
            data-click-animating="false"
            type="button"
          >
            <img
              alt="Picture of the user"
              data-nimg="1"
              decoding="async"
              height="24"
              loading="lazy"
              src="/public/Images/me.png?w=48&q=75"
              srcset="/public/Images/me.png?w=32&q=75 1x, /public/Images/me.png?w=48&q=75 2x"
              style="color: transparent;"
              width="24"
            />
            username
          </button>
          published at
           
          <span
            class="text text--small text--link"
          >
            https://ant.design
          </span>
          <span
            class="text text--small question-list__date"
          >
            2021-02-05 13:51
          </span>
        </span>
        <div
          class="space"
          style="gap: 16px; padding: 5px 0px;"
        >
          <span
            class="text text--medium question-list__count"
          >
            <i
              class="className xi-icon xi-star"
            />
             12
          </span>
          <div
            style="width: 1px; height: 16px; background: rgba(0, 0, 0, 0.059);"
          />
          <span
            class="text text--medium question-list__count"
          >
            <i
              class="className xi-icon xi-thumbs-up"
            />
             41
          </span>
          <div
            style="width: 1px; height: 16px; background: rgba(0, 0, 0, 0.059);"
          />
          <span
            class="text text--medium question-list__count"
          >
            <i
              class="className xi-icon xi-message"
            />
             13
          </span>
        </div>
      </li>
    </a>
    <li
      class="space space--vertical question-list__more-item"
      style="padding: 12px 0px 0px;"
    >
      <button
        class="btn btn--secondary"
        data-click-animating="false"
        type="button"
      >
        loading more
      </button>
    </li>
  </ul>
</div>
`;
