// Jest Snapshot v1, https://goo.gl/fbAQLP

exports[`Tabs renders tabs unchanged 1`] = `
<div>
  <div
    class="space space--wide tabs"
    style="gap: 32px; padding: 0px 16px;"
  >
    <button
      class="btn btn--large btn--text tabs__tab tabs__tab--active"
      data-click-animating="false"
      type="button"
    >
      Tab 1
    </button>
  </div>
</div>
`;
