// Jest Snapshot v1, https://goo.gl/fbAQLP

exports[`SiteHeader renders siteHeader unchanged 1`] = `
<div>
  <div
    class="space site-header"
    style="padding: 4px 4px 4px 16px;"
  >
    <div
      class="space__box"
    >
      <span
        class="text text--medium site-header__title"
      >
        Exeample Project
      </span>
    </div>
    <button
      class="btn btn--small btn--text btn--icon-only site-header__btn"
      data-click-animating="false"
      type="button"
    >
      <i
        class="className xi-icon xi-search"
      />
    </button>
    <button
      class="btn btn--small btn--text btn--icon-only site-header__btn"
      data-click-animating="false"
      type="button"
    >
      <i
        class="className xi-icon xi-help-o"
      />
    </button>
    <button
      class="btn btn--small btn--text btn--icon-only site-header__btn"
      data-click-animating="false"
      type="button"
    >
      <i
        class="className xi-icon xi-translate"
      />
    </button>
    <div
      class="space"
    >
      <a
        class="btn btn--small btn--primary"
        href="/account/login"
      >
        Log in
      </a>
      <a
        class="btn btn--small btn--secondary site-header__btn"
        href="/account/register"
      >
        Register
      </a>
    </div>
  </div>
</div>
`;
